0 verbose cli /opt/homebrew/Cellar/node/26.3.1/bin/node /opt/homebrew/bin/npm
1 info using npm@11.16.0
2 info using node@v26.3.1
3 silly config load:file:/opt/homebrew/lib/node_modules/npm/npmrc
4 silly config load:file:/Users/sudheerreddy/Documents/GitHub/eyebrowz/.npmrc
5 silly config load:file:/Users/sudheerreddy/.npmrc
6 silly config load:file:/opt/homebrew/etc/npmrc
7 verbose title npm install @types/node@^20.14.0
8 verbose argv "--cache" "/Users/sudheerreddy/Documents/GitHub/eyebrowz/.npm-cache" "install" "--save-dev" "@types/node@^20.14.0" "--legacy-peer-deps" "--registry" "https://registry.npmjs.org/"
9 verbose logfile logs-max:10 dir:/Users/sudheerreddy/Documents/GitHub/eyebrowz/.npm-cache/_logs/2026-08-01T19_17_31_857Z-
10 verbose logfile /Users/sudheerreddy/Documents/GitHub/eyebrowz/.npm-cache/_logs/2026-08-01T19_17_31_857Z-debug-0.log
11 silly logfile done cleaning log files
12 silly packumentCache heap:4395630592 maxSize:1098907648 maxEntrySize:549453824
13 verbose shrinkwrap failed to load node_modules/.package-lock.json out of date, updated: node_modules
14 silly idealTree buildDeps
15 silly fetch manifest @types/node@^20.14.0
16 silly packumentCache full:https://registry.npmjs.org/@types%2fnode cache-miss
17 http fetch GET 200 https://registry.npmjs.org/@types%2fnode 276ms (cache miss)
18 silly packumentCache full:https://registry.npmjs.org/@types%2fnode set size:undefined disposed:false
19 silly placeDep ROOT @types/node@20.19.43 OK for: eyebrowz@1.0.0 want: ^20.14.0
20 silly fetch manifest undici-types@~6.21.0
21 silly packumentCache full:https://registry.npmjs.org/undici-types cache-miss
22 http fetch GET 200 https://registry.npmjs.org/undici-types 30ms (cache miss)
23 silly packumentCache full:https://registry.npmjs.org/undici-types set size:undefined disposed:false
24 silly placeDep ROOT undici-types@6.21.0 OK for: @types/node@20.19.43 want: ~6.21.0
25 silly reify moves {}
26 silly audit bulk request {
26 silly audit   '@babel/code-frame': [ '7.29.7' ],
26 silly audit   '@babel/compat-data': [ '7.29.7' ],
26 silly audit   '@babel/core': [ '7.29.7' ],
26 silly audit   '@babel/generator': [ '7.29.8' ],
26 silly audit   '@babel/helper-compilation-targets': [ '7.29.7' ],
26 silly audit   '@babel/helper-globals': [ '7.29.7' ],
26 silly audit   '@babel/helper-module-imports': [ '7.29.7' ],
26 silly audit   '@babel/helper-module-transforms': [ '7.29.7' ],
26 silly audit   '@babel/helper-plugin-utils': [ '7.29.7' ],
26 silly audit   '@babel/helper-string-parser': [ '7.29.7' ],
26 silly audit   '@babel/helper-validator-identifier': [ '7.29.7' ],
26 silly audit   '@babel/helper-validator-option': [ '7.29.7' ],
26 silly audit   '@babel/helpers': [ '7.29.7' ],
26 silly audit   '@babel/parser': [ '7.29.8' ],
26 silly audit   '@babel/plugin-transform-react-jsx-self': [ '7.29.7' ],
26 silly audit   '@babel/plugin-transform-react-jsx-source': [ '7.29.7' ],
26 silly audit   '@babel/template': [ '7.29.7' ],
26 silly audit   '@babel/traverse': [ '7.29.8' ],
26 silly audit   '@babel/types': [ '7.29.8' ],
26 silly audit   '@esbuild/aix-ppc64': [ '0.21.5' ],
26 silly audit   '@esbuild/android-arm': [ '0.21.5' ],
26 silly audit   '@esbuild/android-arm64': [ '0.21.5' ],
26 silly audit   '@esbuild/android-x64': [ '0.21.5' ],
26 silly audit   '@esbuild/darwin-arm64': [ '0.21.5' ],
26 silly audit   '@esbuild/darwin-x64': [ '0.21.5' ],
26 silly audit   '@esbuild/freebsd-arm64': [ '0.21.5' ],
26 silly audit   '@esbuild/freebsd-x64': [ '0.21.5' ],
26 silly audit   '@esbuild/linux-arm': [ '0.21.5' ],
26 silly audit   '@esbuild/linux-arm64': [ '0.21.5' ],
26 silly audit   '@esbuild/linux-ia32': [ '0.21.5' ],
26 silly audit   '@esbuild/linux-loong64': [ '0.21.5' ],
26 silly audit   '@esbuild/linux-mips64el': [ '0.21.5' ],
26 silly audit   '@esbuild/linux-ppc64': [ '0.21.5' ],
26 silly audit   '@esbuild/linux-riscv64': [ '0.21.5' ],
26 silly audit   '@esbuild/linux-s390x': [ '0.21.5' ],
26 silly audit   '@esbuild/linux-x64': [ '0.21.5' ],
26 silly audit   '@esbuild/netbsd-x64': [ '0.21.5' ],
26 silly audit   '@esbuild/openbsd-x64': [ '0.21.5' ],
26 silly audit   '@esbuild/sunos-x64': [ '0.21.5' ],
26 silly audit   '@esbuild/win32-arm64': [ '0.21.5' ],
26 silly audit   '@esbuild/win32-ia32': [ '0.21.5' ],
26 silly audit   '@esbuild/win32-x64': [ '0.21.5' ],
26 silly audit   '@jridgewell/gen-mapping': [ '0.3.13' ],
26 silly audit   '@jridgewell/remapping': [ '2.3.5' ],
26 silly audit   '@jridgewell/resolve-uri': [ '3.1.2' ],
26 silly audit   '@jridgewell/sourcemap-codec': [ '1.5.5' ],
26 silly audit   '@jridgewell/trace-mapping': [ '0.3.31' ],
26 silly audit   '@napi-rs/lzma-linux-x64-gnu': [ '1.5.1' ],
26 silly audit   '@rolldown/pluginutils': [ '1.0.0-rc.3' ],
26 silly audit   '@rollup/rollup-android-arm-eabi': [ '4.62.4' ],
26 silly audit   '@rollup/rollup-android-arm64': [ '4.62.4' ],
26 silly audit   '@rollup/rollup-darwin-arm64': [ '4.62.4' ],
26 silly audit   '@rollup/rollup-darwin-x64': [ '4.62.4' ],
26 silly audit   '@rollup/rollup-freebsd-arm64': [ '4.62.4' ],
26 silly audit   '@rollup/rollup-freebsd-x64': [ '4.62.4' ],
26 silly audit   '@rollup/rollup-linux-arm-gnueabihf': [ '4.62.4' ],
26 silly audit   '@rollup/rollup-linux-arm-musleabihf': [ '4.62.4' ],
26 silly audit   '@rollup/rollup-linux-arm64-gnu': [ '4.62.4' ],
26 silly audit   '@rollup/rollup-linux-arm64-musl': [ '4.62.4' ],
26 silly audit   '@rollup/rollup-linux-loong64-gnu': [ '4.62.4' ],
26 silly audit   '@rollup/rollup-linux-loong64-musl': [ '4.62.4' ],
26 silly audit   '@rollup/rollup-linux-ppc64-gnu': [ '4.62.4' ],
26 silly audit   '@rollup/rollup-linux-ppc64-musl': [ '4.62.4' ],
26 silly audit   '@rollup/rollup-linux-riscv64-gnu': [ '4.62.4' ],
26 silly audit   '@rollup/rollup-linux-riscv64-musl': [ '4.62.4' ],
26 silly audit   '@rollup/rollup-linux-s390x-gnu': [ '4.62.4' ],
26 silly audit   '@rollup/rollup-linux-x64-gnu': [ '4.62.4' ],
26 silly audit   '@rollup/rollup-linux-x64-musl': [ '4.62.4' ],
26 silly audit   '@rollup/rollup-openbsd-x64': [ '4.62.4' ],
26 silly audit   '@rollup/rollup-openharmony-arm64': [ '4.62.4' ],
26 silly audit   '@rollup/rollup-win32-arm64-msvc': [ '4.62.4' ],
26 silly audit   '@rollup/rollup-win32-ia32-msvc': [ '4.62.4' ],
26 silly audit   '@rollup/rollup-win32-x64-gnu': [ '4.62.4' ],
26 silly audit   '@rollup/rollup-win32-x64-msvc': [ '4.62.4' ],
26 silly audit   '@types/babel__core': [ '7.20.5' ],
26 silly audit   '@types/babel__generator': [ '7.27.0' ],
26 silly audit   '@types/babel__template': [ '7.4.4' ],
26 silly audit   '@types/babel__traverse': [ '7.28.0' ],
26 silly audit   '@types/estree': [ '1.0.9' ],
26 silly audit   '@types/prop-types': [ '15.7.15' ],
26 silly audit   '@types/react': [ '18.3.31' ],
26 silly audit   '@types/react-dom': [ '18.3.7' ],
26 silly audit   '@vitejs/plugin-react': [ '5.2.0' ],
26 silly audit   'baseline-browser-mapping': [ '2.11.10' ],
26 silly audit   browserslist: [ '4.28.7' ],
26 silly audit   'caniuse-lite': [ '1.0.30001806' ],
26 silly audit   'convert-source-map': [ '2.0.0' ],
26 silly audit   csstype: [ '3.2.3' ],
26 silly audit   debug: [ '4.4.3' ],
26 silly audit   'electron-to-chromium': [ '1.5.399' ],
26 silly audit   esbuild: [ '0.21.5' ],
26 silly audit   escalade: [ '3.2.0' ],
26 silly audit   fsevents: [ '2.3.3' ],
26 silly audit   gensync: [ '1.0.0-beta.2' ],
26 silly audit   'js-tokens': [ '4.0.0' ],
26 silly audit   jsesc: [ '3.1.0' ],
26 silly audit   json5: [ '2.2.3' ],
26 silly audit   'loose-envify': [ '1.4.0' ],
26 silly audit   'lru-cache': [ '5.1.1' ],
26 silly audit   ms: [ '2.1.3' ],
26 silly audit   nanoid: [ '3.3.16' ],
26 silly audit   'node-releases': [ '2.0.51' ],
26 silly audit   picocolors: [ '1.1.1' ],
26 silly audit   postcss: [ '8.5.25' ],
26 silly audit   react: [ '18.3.1' ],
26 silly audit   'react-dom': [ '18.3.1' ],
26 silly audit   'react-refresh': [ '0.18.0' ],
26 silly audit   rollup: [ '4.62.4' ],
26 silly audit   scheduler: [ '0.23.2' ],
26 silly audit   semver: [ '6.3.1' ],
26 silly audit   'source-map-js': [ '1.2.1' ],
26 silly audit   typescript: [ '5.9.3' ],
26 silly audit   'update-browserslist-db': [ '1.2.3' ],
26 silly audit   vite: [ '5.4.21' ],
26 silly audit   yallist: [ '3.1.1' ],
26 silly audit   '@types/node': [ '20.19.43' ],
26 silly audit   'undici-types': [ '6.21.0' ]
26 silly audit }
27 http cache @types/node@https://registry.npmjs.org/@types/node/-/node-20.19.43.tgz 1ms (cache hit)
28 http cache undici-types@https://registry.npmjs.org/undici-types/-/undici-types-6.21.0.tgz 0ms (cache hit)
29 http cache fsevents@https://registry.npmjs.org/fsevents/-/fsevents-2.3.3.tgz 0ms (cache hit)
30 silly tarball no local data for @types/node@https://registry.npmjs.org/@types/node/-/node-20.19.43.tgz. Extracting by manifest.
31 silly tarball no local data for undici-types@https://registry.npmjs.org/undici-types/-/undici-types-6.21.0.tgz. Extracting by manifest.
32 silly tarball no local data for fsevents@https://registry.npmjs.org/fsevents/-/fsevents-2.3.3.tgz. Extracting by manifest.
33 http fetch GET 200 https://registry.npmjs.org/fsevents/-/fsevents-2.3.3.tgz 95ms (cache miss)
34 http fetch GET 200 https://registry.npmjs.org/undici-types/-/undici-types-6.21.0.tgz 103ms (cache miss)
35 http fetch GET 200 https://registry.npmjs.org/@types/node/-/node-20.19.43.tgz 183ms (cache miss)
36 http fetch POST 200 https://registry.npmjs.org/-/npm/v1/security/advisories/bulk 229ms
37 silly audit report {
37 silly audit report   esbuild: [
37 silly audit report     {
37 silly audit report       id: 1102341,
37 silly audit report       url: 'https://github.com/advisories/GHSA-67mh-4wv8-2f99',
37 silly audit report       title: 'esbuild enables any website to send any requests to the development server and read the response',
37 silly audit report       severity: 'moderate',
37 silly audit report       vulnerable_versions: '<=0.24.2',
37 silly audit report       cwe: [Array],
37 silly audit report       cvss: [Object]
37 silly audit report     }
37 silly audit report   ],
37 silly audit report   vite: [
37 silly audit report     {
37 silly audit report       id: 1120784,
37 silly audit report       url: 'https://github.com/advisories/GHSA-v6wh-96g9-6wx3',
37 silly audit report       title: 'launch-editor: NTLMv2 hash disclosure via UNC path handling on Windows',
37 silly audit report       severity: 'moderate',
37 silly audit report       vulnerable_versions: '<=6.4.2',
37 silly audit report       cwe: [Array],
37 silly audit report       cvss: [Object]
37 silly audit report     },
37 silly audit report     {
37 silly audit report       id: 1116229,
37 silly audit report       url: 'https://github.com/advisories/GHSA-4w7w-66w2-5vf9',
37 silly audit report       title: 'Vite Vulnerable to Path Traversal in Optimized Deps `.map` Handling',
37 silly audit report       severity: 'moderate',
37 silly audit report       vulnerable_versions: '<=6.4.1',
37 silly audit report       cwe: [Array],
37 silly audit report       cvss: [Object]
37 silly audit report     },
37 silly audit report     {
37 silly audit report       id: 1123525,
37 silly audit report       url: 'https://github.com/advisories/GHSA-fx2h-pf6j-xcff',
37 silly audit report       title: 'vite: `server.fs.deny` bypass on Windows alternate paths',
37 silly audit report       severity: 'high',
37 silly audit report       vulnerable_versions: '<=6.4.2',
37 silly audit report       cwe: [Array],
37 silly audit report       cvss: [Object]
37 silly audit report     }
37 silly audit report   ]
37 silly audit report }
38 silly packumentCache corgi:https://registry.npmjs.org/esbuild cache-miss
39 silly packumentCache corgi:https://registry.npmjs.org/vite cache-miss
40 http fetch GET 200 https://registry.npmjs.org/esbuild 91ms (cache miss)
41 silly packumentCache corgi:https://registry.npmjs.org/esbuild set size:undefined disposed:false
42 http fetch GET 200 https://registry.npmjs.org/vite 119ms (cache miss)
43 silly packumentCache corgi:https://registry.npmjs.org/vite set size:undefined disposed:false
44 silly ADD node_modules/undici-types
45 silly ADD node_modules/@types/node
46 silly ADD node_modules/fsevents
47 warn allow-scripts 2 packages have install scripts not yet covered by allowScripts:
47 warn allow-scripts   esbuild@0.21.5 (install: (install scripts present))
47 warn allow-scripts   fsevents@2.3.3 (install: (install scripts present))
47 warn allow-scripts
47 warn allow-scripts Run `npm approve-scripts --allow-scripts-pending` to review, or `npm approve-scripts <pkg>` to allow.
48 verbose cwd /Users/sudheerreddy/Documents/GitHub/eyebrowz
49 verbose os Darwin 25.3.0
50 verbose node v26.3.1
51 verbose npm  v11.16.0
52 verbose exit 0
53 info ok
