0 verbose cli /opt/homebrew/Cellar/node/26.3.1/bin/node /opt/homebrew/bin/npm
1 info using npm@11.16.0
2 info using node@v26.3.1
3 silly config load:file:/opt/homebrew/lib/node_modules/npm/npmrc
4 silly config load:file:/Users/sudheerreddy/Documents/GitHub/eyebrowz/.npmrc
5 silly config load:file:/Users/sudheerreddy/.npmrc
6 silly config load:file:/opt/homebrew/etc/npmrc
7 verbose title npm install
8 verbose argv "--cache" "/Users/sudheerreddy/Documents/GitHub/eyebrowz/.npm-cache" "install" "--legacy-peer-deps" "--registry" "https://registry.npmjs.org/"
9 verbose logfile logs-max:10 dir:/Users/sudheerreddy/Documents/GitHub/eyebrowz/.npm-cache/_logs/2026-08-01T19_13_34_146Z-
10 verbose logfile /Users/sudheerreddy/Documents/GitHub/eyebrowz/.npm-cache/_logs/2026-08-01T19_13_34_146Z-debug-0.log
11 silly logfile done cleaning log files
12 silly packumentCache heap:4395630592 maxSize:1098907648 maxEntrySize:549453824
13 silly idealTree buildDeps
14 silly fetch manifest react@^18.3.1
15 silly packumentCache full:https://registry.npmjs.org/react cache-miss
16 http fetch GET 200 https://registry.npmjs.org/npm 285ms
17 http fetch GET 200 https://registry.npmjs.org/react 348ms (cache miss)
18 silly packumentCache full:https://registry.npmjs.org/react set size:undefined disposed:false
19 silly fetch manifest react-dom@^18.3.1
20 silly packumentCache full:https://registry.npmjs.org/react-dom cache-miss
21 http fetch GET 200 https://registry.npmjs.org/react-dom 233ms (cache miss)
22 silly packumentCache full:https://registry.npmjs.org/react-dom set size:undefined disposed:false
23 silly fetch manifest @types/react@^18.3.3
24 silly packumentCache full:https://registry.npmjs.org/@types%2freact cache-miss
25 http fetch GET 200 https://registry.npmjs.org/@types%2freact 101ms (cache miss)
26 silly packumentCache full:https://registry.npmjs.org/@types%2freact set size:undefined disposed:false
27 silly fetch manifest @types/react-dom@^18.3.0
28 silly packumentCache full:https://registry.npmjs.org/@types%2freact-dom cache-miss
29 http fetch GET 200 https://registry.npmjs.org/@types%2freact-dom 63ms (cache miss)
30 silly packumentCache full:https://registry.npmjs.org/@types%2freact-dom set size:undefined disposed:false
31 silly fetch manifest @vitejs/plugin-react@^4.7.0
32 silly packumentCache full:https://registry.npmjs.org/@vitejs%2fplugin-react cache-miss
33 http fetch GET 200 https://registry.npmjs.org/@vitejs%2fplugin-react 76ms (cache miss)
34 silly packumentCache full:https://registry.npmjs.org/@vitejs%2fplugin-react set size:undefined disposed:false
35 silly fetch manifest typescript@^5.5.4
36 silly packumentCache full:https://registry.npmjs.org/typescript cache-miss
37 http fetch GET 200 https://registry.npmjs.org/typescript 262ms (cache miss)
38 silly packumentCache full:https://registry.npmjs.org/typescript set size:undefined disposed:false
39 silly fetch manifest vite@^5.6.0
40 silly packumentCache full:https://registry.npmjs.org/vite cache-miss
41 http fetch GET 200 https://registry.npmjs.org/vite 1264ms (cache miss)
42 silly packumentCache full:https://registry.npmjs.org/vite set size:undefined disposed:false
43 silly placeDep ROOT @types/react@18.3.31 OK for: eyebrowz@1.0.0 want: ^18.3.3
44 silly placeDep ROOT @types/react-dom@18.3.7 OK for: eyebrowz@1.0.0 want: ^18.3.0
45 silly placeDep ROOT @vitejs/plugin-react@4.7.0 OK for: eyebrowz@1.0.0 want: ^4.7.0
46 silly placeDep ROOT react@18.3.1 OK for: eyebrowz@1.0.0 want: ^18.3.1
47 silly placeDep ROOT react-dom@18.3.1 OK for: eyebrowz@1.0.0 want: ^18.3.1
48 silly placeDep ROOT typescript@5.9.3 OK for: eyebrowz@1.0.0 want: ^5.5.4
49 silly placeDep ROOT vite@ OK for: eyebrowz@1.0.0 want: ^5.6.0
50 silly fetch manifest csstype@^3.2.2
51 silly packumentCache full:https://registry.npmjs.org/csstype cache-miss
52 silly fetch manifest @types/prop-types@*
53 silly packumentCache full:https://registry.npmjs.org/@types%2fprop-types cache-miss
54 silly fetch manifest @babel/core@^7.28.0
55 silly packumentCache full:https://registry.npmjs.org/@babel%2fcore cache-miss
56 silly fetch manifest react-refresh@^0.17.0
57 silly packumentCache full:https://registry.npmjs.org/react-refresh cache-miss
58 silly fetch manifest @types/babel__core@^7.20.5
59 silly packumentCache full:https://registry.npmjs.org/@types%2fbabel__core cache-miss
60 silly fetch manifest @rolldown/pluginutils@1.0.0-beta.27
61 silly packumentCache full:https://registry.npmjs.org/@rolldown%2fpluginutils cache-miss
62 silly fetch manifest @babel/plugin-transform-react-jsx-self@^7.27.1
63 silly packumentCache full:https://registry.npmjs.org/@babel%2fplugin-transform-react-jsx-self cache-miss
64 silly fetch manifest @babel/plugin-transform-react-jsx-source@^7.27.1
65 silly packumentCache full:https://registry.npmjs.org/@babel%2fplugin-transform-react-jsx-source cache-miss
66 silly fetch manifest loose-envify@^1.1.0
67 silly packumentCache full:https://registry.npmjs.org/loose-envify cache-miss
68 http fetch GET 200 https://registry.npmjs.org/csstype 52ms (cache miss)
69 silly packumentCache full:https://registry.npmjs.org/csstype set size:undefined disposed:false
70 silly fetch manifest scheduler@^0.23.2
71 silly packumentCache full:https://registry.npmjs.org/scheduler cache-miss
72 http fetch GET 200 https://registry.npmjs.org/loose-envify 200ms (cache miss)
73 silly packumentCache full:https://registry.npmjs.org/loose-envify set size:undefined disposed:false
74 http fetch GET 200 https://registry.npmjs.org/@babel%2fplugin-transform-react-jsx-self 210ms (cache miss)
75 silly packumentCache full:https://registry.npmjs.org/@babel%2fplugin-transform-react-jsx-self set size:undefined disposed:false
76 http fetch GET 200 https://registry.npmjs.org/@babel%2fplugin-transform-react-jsx-source 213ms (cache miss)
77 silly packumentCache full:https://registry.npmjs.org/@babel%2fplugin-transform-react-jsx-source set size:undefined disposed:false
78 http fetch GET 200 https://registry.npmjs.org/@types%2fbabel__core 213ms (cache miss)
79 silly packumentCache full:https://registry.npmjs.org/@types%2fbabel__core set size:undefined disposed:false
80 http fetch GET 200 https://registry.npmjs.org/scheduler 194ms (cache miss)
81 silly packumentCache full:https://registry.npmjs.org/scheduler set size:undefined disposed:false
82 http fetch GET 200 https://registry.npmjs.org/@babel%2fcore 264ms (cache miss)
83 silly packumentCache full:https://registry.npmjs.org/@babel%2fcore set size:undefined disposed:false
84 http fetch GET 200 https://registry.npmjs.org/react-refresh 382ms (cache miss)
85 silly packumentCache full:https://registry.npmjs.org/react-refresh set size:undefined disposed:false
86 http fetch GET 200 https://registry.npmjs.org/@rolldown%2fpluginutils 422ms (cache miss)
87 silly packumentCache full:https://registry.npmjs.org/@rolldown%2fpluginutils set size:undefined disposed:false
88 http fetch GET 200 https://registry.npmjs.org/@types%2fprop-types 513ms (cache miss)
89 silly packumentCache full:https://registry.npmjs.org/@types%2fprop-types set size:undefined disposed:false
90 silly placeDep ROOT @types/prop-types@15.7.15 OK for: @types/react@18.3.31 want: *
91 silly placeDep ROOT csstype@3.2.3 OK for: @types/react@18.3.31 want: ^3.2.2
92 silly placeDep ROOT @babel/core@7.29.7 OK for: @vitejs/plugin-react@4.7.0 want: ^7.28.0
93 silly placeDep ROOT @babel/plugin-transform-react-jsx-self@7.29.7 OK for: @vitejs/plugin-react@4.7.0 want: ^7.27.1
94 silly placeDep ROOT @babel/plugin-transform-react-jsx-source@7.29.7 OK for: @vitejs/plugin-react@4.7.0 want: ^7.27.1
95 silly placeDep ROOT @rolldown/pluginutils@1.0.0-beta.27 OK for: @vitejs/plugin-react@4.7.0 want: 1.0.0-beta.27
96 silly placeDep ROOT @types/babel__core@7.20.5 OK for: @vitejs/plugin-react@4.7.0 want: ^7.20.5
97 silly placeDep ROOT react-refresh@0.17.0 OK for: @vitejs/plugin-react@4.7.0 want: ^0.17.0
98 silly fetch manifest debug@^4.1.0
99 silly packumentCache full:https://registry.npmjs.org/debug cache-miss
100 silly fetch manifest json5@^2.2.3
101 silly packumentCache full:https://registry.npmjs.org/json5 cache-miss
102 silly fetch manifest semver@^6.3.1
103 silly packumentCache full:https://registry.npmjs.org/semver cache-miss
104 silly fetch manifest gensync@^1.0.0-beta.2
105 silly packumentCache full:https://registry.npmjs.org/gensync cache-miss
106 silly fetch manifest @babel/types@^7.29.7
107 silly packumentCache full:https://registry.npmjs.org/@babel%2ftypes cache-miss
108 silly fetch manifest @babel/parser@^7.29.7
109 silly packumentCache full:https://registry.npmjs.org/@babel%2fparser cache-miss
110 silly fetch manifest @babel/helpers@^7.29.7
111 silly packumentCache full:https://registry.npmjs.org/@babel%2fhelpers cache-miss
112 silly fetch manifest @babel/template@^7.29.7
113 silly packumentCache full:https://registry.npmjs.org/@babel%2ftemplate cache-miss
114 silly fetch manifest @babel/traverse@^7.29.7
115 silly packumentCache full:https://registry.npmjs.org/@babel%2ftraverse cache-miss
116 http fetch GET 200 https://registry.npmjs.org/json5 45ms (cache miss)
117 silly packumentCache full:https://registry.npmjs.org/json5 set size:undefined disposed:false
118 silly fetch manifest @babel/generator@^7.29.7
119 silly packumentCache full:https://registry.npmjs.org/@babel%2fgenerator cache-miss
120 http fetch GET 200 https://registry.npmjs.org/gensync 46ms (cache miss)
121 silly packumentCache full:https://registry.npmjs.org/gensync set size:undefined disposed:false
122 silly fetch manifest @babel/code-frame@^7.29.7
123 silly packumentCache full:https://registry.npmjs.org/@babel%2fcode-frame cache-miss
124 http fetch GET 200 https://registry.npmjs.org/debug 51ms (cache miss)
125 silly packumentCache full:https://registry.npmjs.org/debug set size:undefined disposed:false
126 silly fetch manifest convert-source-map@^2.0.0
127 silly packumentCache full:https://registry.npmjs.org/convert-source-map cache-miss
128 http fetch GET 200 https://registry.npmjs.org/semver 66ms (cache miss)
129 silly packumentCache full:https://registry.npmjs.org/semver set size:undefined disposed:false
130 silly fetch manifest @jridgewell/remapping@^2.3.5
131 silly packumentCache full:https://registry.npmjs.org/@jridgewell%2fremapping cache-miss
132 http fetch GET 200 https://registry.npmjs.org/@babel%2ftemplate 76ms (cache miss)
133 silly packumentCache full:https://registry.npmjs.org/@babel%2ftemplate set size:undefined disposed:false
134 silly fetch manifest @babel/helper-module-transforms@^7.29.7
135 silly packumentCache full:https://registry.npmjs.org/@babel%2fhelper-module-transforms cache-miss
136 http fetch GET 200 https://registry.npmjs.org/@babel%2ftraverse 78ms (cache miss)
137 silly packumentCache full:https://registry.npmjs.org/@babel%2ftraverse set size:undefined disposed:false
138 silly fetch manifest @babel/helper-compilation-targets@^7.29.7
139 silly packumentCache full:https://registry.npmjs.org/@babel%2fhelper-compilation-targets cache-miss
140 http fetch GET 200 https://registry.npmjs.org/@babel%2fparser 106ms (cache miss)
141 silly packumentCache full:https://registry.npmjs.org/@babel%2fparser set size:undefined disposed:false
142 silly fetch manifest @babel/helper-plugin-utils@^7.29.7
143 silly packumentCache full:https://registry.npmjs.org/@babel%2fhelper-plugin-utils cache-miss
144 http fetch GET 200 https://registry.npmjs.org/@babel%2fcode-frame 64ms (cache miss)
145 silly packumentCache full:https://registry.npmjs.org/@babel%2fcode-frame set size:undefined disposed:false
146 silly fetch manifest @babel/helper-plugin-utils@^7.29.7
147 silly packumentCache full:https://registry.npmjs.org/@babel%2fhelper-plugin-utils cache-miss
148 http fetch GET 200 https://registry.npmjs.org/@jridgewell%2fremapping 62ms (cache miss)
149 silly packumentCache full:https://registry.npmjs.org/@jridgewell%2fremapping set size:undefined disposed:false
150 silly fetch manifest @babel/types@^7.20.7
151 silly packumentCache full:https://registry.npmjs.org/@babel%2ftypes cache-miss
152 http fetch GET 200 https://registry.npmjs.org/@babel%2fhelper-module-transforms 58ms (cache miss)
153 silly packumentCache full:https://registry.npmjs.org/@babel%2fhelper-module-transforms set size:undefined disposed:false
154 silly fetch manifest @babel/parser@^7.20.7
155 silly packumentCache full:https://registry.npmjs.org/@babel%2fparser cache-miss
156 http cache https://registry.npmjs.org/@babel%2fparser 3ms (cache hit)
157 silly packumentCache full:https://registry.npmjs.org/@babel%2fparser set size:737962 disposed:false
158 silly fetch manifest @types/babel__template@*
159 silly packumentCache full:https://registry.npmjs.org/@types%2fbabel__template cache-miss
160 http fetch GET 200 https://registry.npmjs.org/@babel%2fhelper-compilation-targets 66ms (cache miss)
161 silly packumentCache full:https://registry.npmjs.org/@babel%2fhelper-compilation-targets set size:undefined disposed:false
162 silly fetch manifest @types/babel__traverse@*
163 silly packumentCache full:https://registry.npmjs.org/@types%2fbabel__traverse cache-miss
164 http fetch GET 200 https://registry.npmjs.org/@babel%2fhelper-plugin-utils 57ms (cache miss)
165 silly packumentCache full:https://registry.npmjs.org/@babel%2fhelper-plugin-utils set size:undefined disposed:false
166 silly fetch manifest @types/babel__generator@*
167 silly packumentCache full:https://registry.npmjs.org/@types%2fbabel__generator cache-miss
168 http fetch GET 200 https://registry.npmjs.org/@babel%2fhelper-plugin-utils 58ms (cache miss)
169 silly packumentCache full:https://registry.npmjs.org/@babel%2fhelper-plugin-utils set size:undefined disposed:false
170 http fetch GET 200 https://registry.npmjs.org/@types%2fbabel__template 54ms (cache miss)
171 silly packumentCache full:https://registry.npmjs.org/@types%2fbabel__template set size:undefined disposed:false
172 http fetch GET 200 https://registry.npmjs.org/@types%2fbabel__traverse 59ms (cache miss)
173 silly packumentCache full:https://registry.npmjs.org/@types%2fbabel__traverse set size:undefined disposed:false
174 http fetch GET 200 https://registry.npmjs.org/@types%2fbabel__generator 41ms (cache miss)
175 silly packumentCache full:https://registry.npmjs.org/@types%2fbabel__generator set size:undefined disposed:false
176 http fetch GET 200 https://registry.npmjs.org/@babel%2ftypes 79ms (cache miss)
177 silly packumentCache full:https://registry.npmjs.org/@babel%2ftypes set size:undefined disposed:false
178 http fetch GET 200 https://registry.npmjs.org/@babel%2fhelpers 282ms (cache miss)
179 silly packumentCache full:https://registry.npmjs.org/@babel%2fhelpers set size:undefined disposed:false
180 http fetch GET 200 https://registry.npmjs.org/@babel%2ftypes 294ms (cache miss)
181 silly packumentCache full:https://registry.npmjs.org/@babel%2ftypes set size:undefined disposed:false
182 http fetch GET 200 https://registry.npmjs.org/convert-source-map 313ms (cache miss)
183 silly packumentCache full:https://registry.npmjs.org/convert-source-map set size:undefined disposed:false
184 http fetch GET 200 https://registry.npmjs.org/@babel%2fgenerator 333ms (cache miss)
185 silly packumentCache full:https://registry.npmjs.org/@babel%2fgenerator set size:undefined disposed:false
186 silly placeDep ROOT @babel/code-frame@7.29.7 OK for: @babel/core@7.29.7 want: ^7.29.7
187 silly placeDep ROOT @babel/generator@7.29.8 OK for: @babel/core@7.29.7 want: ^7.29.7
188 silly placeDep ROOT @babel/helper-compilation-targets@7.29.7 OK for: @babel/core@7.29.7 want: ^7.29.7
189 silly placeDep ROOT @babel/helper-module-transforms@7.29.7 OK for: @babel/core@7.29.7 want: ^7.29.7
190 silly placeDep ROOT @babel/helpers@7.29.7 OK for: @babel/core@7.29.7 want: ^7.29.7
191 silly placeDep ROOT @babel/parser@7.29.8 OK for: @babel/core@7.29.7 want: ^7.29.7
192 silly placeDep ROOT @babel/template@7.29.7 OK for: @babel/core@7.29.7 want: ^7.29.7
193 silly placeDep ROOT @babel/traverse@7.29.8 OK for: @babel/core@7.29.7 want: ^7.29.7
194 silly placeDep ROOT @babel/types@7.29.8 OK for: @babel/core@7.29.7 want: ^7.29.7
195 silly placeDep ROOT @jridgewell/remapping@2.3.5 OK for: @babel/core@7.29.7 want: ^2.3.5
196 silly placeDep ROOT convert-source-map@2.0.0 OK for: @babel/core@7.29.7 want: ^2.0.0
197 silly placeDep ROOT debug@4.4.3 OK for: @babel/core@7.29.7 want: ^4.1.0
198 silly placeDep ROOT gensync@1.0.0-beta.2 OK for: @babel/core@7.29.7 want: ^1.0.0-beta.2
199 silly placeDep ROOT json5@2.2.3 OK for: @babel/core@7.29.7 want: ^2.2.3
200 silly placeDep ROOT semver@6.3.1 OK for: @babel/core@7.29.7 want: ^6.3.1
201 silly fetch manifest js-tokens@^4.0.0
202 silly packumentCache full:https://registry.npmjs.org/js-tokens cache-miss
203 silly fetch manifest picocolors@^1.1.1
204 silly packumentCache full:https://registry.npmjs.org/picocolors cache-miss
205 silly fetch manifest @babel/helper-validator-identifier@^7.29.7
206 silly packumentCache full:https://registry.npmjs.org/@babel%2fhelper-validator-identifier cache-miss
207 silly fetch manifest jsesc@^3.0.2
208 silly packumentCache full:https://registry.npmjs.org/jsesc cache-miss
209 silly fetch manifest @babel/types@^7.29.8
210 silly packumentCache full:https://registry.npmjs.org/@babel%2ftypes cache-miss
211 silly fetch manifest @babel/parser@^7.29.8
212 silly packumentCache full:https://registry.npmjs.org/@babel%2fparser cache-hit
213 silly fetch manifest @jridgewell/gen-mapping@^0.3.12
214 silly packumentCache full:https://registry.npmjs.org/@jridgewell%2fgen-mapping cache-miss
215 silly fetch manifest @jridgewell/trace-mapping@^0.3.28
216 silly packumentCache full:https://registry.npmjs.org/@jridgewell%2ftrace-mapping cache-miss
217 silly fetch manifest lru-cache@^5.1.1
218 silly packumentCache full:https://registry.npmjs.org/lru-cache cache-miss
219 silly fetch manifest browserslist@^4.24.0
220 silly packumentCache full:https://registry.npmjs.org/browserslist cache-miss
221 http cache https://registry.npmjs.org/@babel%2ftypes 4ms (cache hit)
222 silly packumentCache full:https://registry.npmjs.org/@babel%2ftypes set size:502939 disposed:false
223 silly fetch manifest @babel/compat-data@^7.29.7
224 silly packumentCache full:https://registry.npmjs.org/@babel%2fcompat-data cache-miss
225 http fetch GET 200 https://registry.npmjs.org/jsesc 41ms (cache miss)
226 silly packumentCache full:https://registry.npmjs.org/jsesc set size:undefined disposed:false
227 silly fetch manifest @babel/helper-validator-option@^7.29.7
228 silly packumentCache full:https://registry.npmjs.org/@babel%2fhelper-validator-option cache-miss
229 http fetch GET 200 https://registry.npmjs.org/js-tokens 44ms (cache miss)
230 silly packumentCache full:https://registry.npmjs.org/js-tokens set size:undefined disposed:false
231 silly fetch manifest @babel/helper-module-imports@^7.29.7
232 silly packumentCache full:https://registry.npmjs.org/@babel%2fhelper-module-imports cache-miss
233 http fetch GET 200 https://registry.npmjs.org/picocolors 46ms (cache miss)
234 silly packumentCache full:https://registry.npmjs.org/picocolors set size:undefined disposed:false
235 silly fetch manifest @babel/helper-validator-identifier@^7.29.7
236 silly packumentCache full:https://registry.npmjs.org/@babel%2fhelper-validator-identifier cache-miss
237 http fetch GET 200 https://registry.npmjs.org/@babel%2fhelper-validator-identifier 58ms (cache miss)
238 silly packumentCache full:https://registry.npmjs.org/@babel%2fhelper-validator-identifier set size:undefined disposed:false
239 silly fetch manifest debug@^4.3.1
240 silly packumentCache full:https://registry.npmjs.org/debug cache-miss
241 http fetch GET 200 https://registry.npmjs.org/lru-cache 59ms (cache miss)
242 silly packumentCache full:https://registry.npmjs.org/lru-cache set size:undefined disposed:false
243 silly fetch manifest @babel/helper-globals@^7.29.7
244 silly packumentCache full:https://registry.npmjs.org/@babel%2fhelper-globals cache-miss
245 http cache https://registry.npmjs.org/debug 4ms (cache hit)
246 silly packumentCache full:https://registry.npmjs.org/debug set size:195840 disposed:false
247 silly fetch manifest @babel/helper-string-parser@^7.29.7
248 silly packumentCache full:https://registry.npmjs.org/@babel%2fhelper-string-parser cache-miss
249 http fetch GET 200 https://registry.npmjs.org/@jridgewell%2fgen-mapping 64ms (cache miss)
250 silly packumentCache full:https://registry.npmjs.org/@jridgewell%2fgen-mapping set size:undefined disposed:false
251 silly fetch manifest @jridgewell/gen-mapping@^0.3.5
252 silly packumentCache full:https://registry.npmjs.org/@jridgewell%2fgen-mapping cache-miss
253 http cache https://registry.npmjs.org/@jridgewell%2fgen-mapping 2ms (cache hit)
254 silly packumentCache full:https://registry.npmjs.org/@jridgewell%2fgen-mapping set size:75941 disposed:false
255 silly fetch manifest @jridgewell/trace-mapping@^0.3.24
256 silly packumentCache full:https://registry.npmjs.org/@jridgewell%2ftrace-mapping cache-miss
257 http fetch GET 200 https://registry.npmjs.org/@babel%2fcompat-data 62ms (cache miss)
258 silly packumentCache full:https://registry.npmjs.org/@babel%2fcompat-data set size:undefined disposed:false
259 silly fetch manifest ms@^2.1.3
260 silly packumentCache full:https://registry.npmjs.org/ms cache-miss
261 http fetch GET 200 https://registry.npmjs.org/browserslist 71ms (cache miss)
262 silly packumentCache full:https://registry.npmjs.org/browserslist set size:undefined disposed:false
263 http fetch GET 200 https://registry.npmjs.org/@babel%2fhelper-validator-option 46ms (cache miss)
264 silly packumentCache full:https://registry.npmjs.org/@babel%2fhelper-validator-option set size:undefined disposed:false
265 http fetch GET 200 https://registry.npmjs.org/@babel%2fhelper-validator-identifier 54ms (cache miss)
266 silly packumentCache full:https://registry.npmjs.org/@babel%2fhelper-validator-identifier set size:undefined disposed:false
267 http fetch GET 200 https://registry.npmjs.org/@babel%2fhelper-module-imports 61ms (cache miss)
268 silly packumentCache full:https://registry.npmjs.org/@babel%2fhelper-module-imports set size:undefined disposed:false
269 http fetch GET 200 https://registry.npmjs.org/ms 60ms (cache miss)
270 silly packumentCache full:https://registry.npmjs.org/ms set size:undefined disposed:false
271 http fetch GET 200 https://registry.npmjs.org/@babel%2fhelper-string-parser 73ms (cache miss)
272 silly packumentCache full:https://registry.npmjs.org/@babel%2fhelper-string-parser set size:undefined disposed:false
273 http fetch GET 200 https://registry.npmjs.org/@babel%2fhelper-globals 78ms (cache miss)
274 silly packumentCache full:https://registry.npmjs.org/@babel%2fhelper-globals set size:undefined disposed:false
275 http fetch GET 200 https://registry.npmjs.org/@jridgewell%2ftrace-mapping 79ms (cache miss)
276 silly packumentCache full:https://registry.npmjs.org/@jridgewell%2ftrace-mapping set size:undefined disposed:false
277 http fetch GET 200 https://registry.npmjs.org/@jridgewell%2ftrace-mapping 280ms (cache miss)
278 silly packumentCache full:https://registry.npmjs.org/@jridgewell%2ftrace-mapping set size:undefined disposed:false
279 silly placeDep ROOT @babel/helper-validator-identifier@7.29.7 OK for: @babel/code-frame@7.29.7 want: ^7.29.7
280 silly placeDep ROOT js-tokens@4.0.0 OK for: @babel/code-frame@7.29.7 want: ^4.0.0
281 silly placeDep ROOT picocolors@1.1.1 OK for: @babel/code-frame@7.29.7 want: ^1.1.1
282 silly placeDep ROOT @jridgewell/gen-mapping@0.3.13 OK for: @babel/generator@7.29.8 want: ^0.3.12
283 silly placeDep ROOT @jridgewell/trace-mapping@0.3.31 OK for: @babel/generator@7.29.8 want: ^0.3.28
284 silly placeDep ROOT jsesc@3.1.0 OK for: @babel/generator@7.29.8 want: ^3.0.2
285 silly fetch manifest @jridgewell/sourcemap-codec@^1.5.0
286 silly packumentCache full:https://registry.npmjs.org/@jridgewell%2fsourcemap-codec cache-miss
287 silly fetch manifest @jridgewell/resolve-uri@^3.1.0
288 silly packumentCache full:https://registry.npmjs.org/@jridgewell%2fresolve-uri cache-miss
289 silly fetch manifest @jridgewell/sourcemap-codec@^1.4.14
290 silly packumentCache full:https://registry.npmjs.org/@jridgewell%2fsourcemap-codec cache-miss
291 http fetch GET 200 https://registry.npmjs.org/@jridgewell%2fresolve-uri 48ms (cache miss)
292 silly packumentCache full:https://registry.npmjs.org/@jridgewell%2fresolve-uri set size:undefined disposed:false
293 http fetch GET 200 https://registry.npmjs.org/@jridgewell%2fsourcemap-codec 54ms (cache miss)
294 silly packumentCache full:https://registry.npmjs.org/@jridgewell%2fsourcemap-codec set size:undefined disposed:false
295 http fetch GET 200 https://registry.npmjs.org/@jridgewell%2fsourcemap-codec 58ms (cache miss)
296 silly packumentCache full:https://registry.npmjs.org/@jridgewell%2fsourcemap-codec set size:undefined disposed:false
297 silly placeDep ROOT @babel/compat-data@7.29.7 OK for: @babel/helper-compilation-targets@7.29.7 want: ^7.29.7
298 silly placeDep ROOT @babel/helper-validator-option@7.29.7 OK for: @babel/helper-compilation-targets@7.29.7 want: ^7.29.7
299 silly placeDep ROOT browserslist@4.28.7 OK for: @babel/helper-compilation-targets@7.29.7 want: ^4.24.0
300 silly placeDep ROOT lru-cache@5.1.1 OK for: @babel/helper-compilation-targets@7.29.7 want: ^5.1.1
301 silly fetch manifest caniuse-lite@^1.0.30001806
302 silly packumentCache full:https://registry.npmjs.org/caniuse-lite cache-miss
303 silly fetch manifest node-releases@^2.0.51
304 silly packumentCache full:https://registry.npmjs.org/node-releases cache-miss
305 silly fetch manifest electron-to-chromium@^1.5.393
306 silly packumentCache full:https://registry.npmjs.org/electron-to-chromium cache-miss
307 silly fetch manifest update-browserslist-db@^1.2.3
308 silly packumentCache full:https://registry.npmjs.org/update-browserslist-db cache-miss
309 silly fetch manifest baseline-browser-mapping@^2.10.44
310 silly packumentCache full:https://registry.npmjs.org/baseline-browser-mapping cache-miss
311 silly fetch manifest yallist@^3.0.2
312 silly packumentCache full:https://registry.npmjs.org/yallist cache-miss
313 http fetch GET 200 https://registry.npmjs.org/yallist 42ms (cache miss)
314 silly packumentCache full:https://registry.npmjs.org/yallist set size:undefined disposed:false
315 http fetch GET 200 https://registry.npmjs.org/update-browserslist-db 48ms (cache miss)
316 silly packumentCache full:https://registry.npmjs.org/update-browserslist-db set size:undefined disposed:false
317 http fetch GET 200 https://registry.npmjs.org/node-releases 63ms (cache miss)
318 silly packumentCache full:https://registry.npmjs.org/node-releases set size:undefined disposed:false
319 http fetch GET 200 https://registry.npmjs.org/baseline-browser-mapping 64ms (cache miss)
320 silly packumentCache full:https://registry.npmjs.org/baseline-browser-mapping set size:undefined disposed:false
321 http fetch GET 200 https://registry.npmjs.org/electron-to-chromium 157ms (cache miss)
322 silly packumentCache full:https://registry.npmjs.org/electron-to-chromium set size:undefined disposed:false
323 http fetch GET 200 https://registry.npmjs.org/caniuse-lite 174ms (cache miss)
324 silly packumentCache full:https://registry.npmjs.org/caniuse-lite set size:undefined disposed:false
325 silly placeDep ROOT @babel/helper-module-imports@7.29.7 OK for: @babel/helper-module-transforms@7.29.7 want: ^7.29.7
326 silly placeDep ROOT @babel/helper-plugin-utils@7.29.7 OK for: @babel/plugin-transform-react-jsx-self@7.29.7 want: ^7.29.7
327 silly placeDep ROOT @babel/helper-globals@7.29.7 OK for: @babel/traverse@7.29.8 want: ^7.29.7
328 silly placeDep ROOT @babel/helper-string-parser@7.29.7 OK for: @babel/types@7.29.8 want: ^7.29.7
329 silly placeDep ROOT @jridgewell/sourcemap-codec@1.5.5 OK for: @jridgewell/gen-mapping@0.3.13 want: ^1.5.0
330 silly placeDep ROOT @jridgewell/resolve-uri@3.1.2 OK for: @jridgewell/trace-mapping@0.3.31 want: ^3.1.0
331 silly placeDep ROOT @types/babel__generator@7.27.0 OK for: @types/babel__core@7.20.5 want: *
332 silly placeDep ROOT @types/babel__template@7.4.4 OK for: @types/babel__core@7.20.5 want: *
333 silly placeDep ROOT @types/babel__traverse@7.28.0 OK for: @types/babel__core@7.20.5 want: *
334 silly placeDep ROOT baseline-browser-mapping@2.11.10 OK for: browserslist@4.28.7 want: ^2.10.44
335 silly placeDep ROOT caniuse-lite@1.0.30001806 OK for: browserslist@4.28.7 want: ^1.0.30001806
336 silly placeDep ROOT electron-to-chromium@1.5.399 OK for: browserslist@4.28.7 want: ^1.5.393
337 silly placeDep ROOT node-releases@2.0.51 OK for: browserslist@4.28.7 want: ^2.0.51
338 silly placeDep ROOT update-browserslist-db@1.2.3 OK for: browserslist@4.28.7 want: ^1.2.3
339 silly fetch manifest escalade@^3.2.0
340 silly packumentCache full:https://registry.npmjs.org/escalade cache-miss
341 http fetch GET 200 https://registry.npmjs.org/escalade 47ms (cache miss)
342 silly packumentCache full:https://registry.npmjs.org/escalade set size:undefined disposed:false
343 silly placeDep ROOT ms@2.1.3 OK for: debug@4.4.3 want: ^2.1.3
344 silly placeDep ROOT yallist@3.1.1 OK for: lru-cache@5.1.1 want: ^3.0.2
345 silly placeDep ROOT loose-envify@1.4.0 OK for: react@18.3.1 want: ^1.1.0
346 silly placeDep ROOT scheduler@0.23.2 OK for: react-dom@18.3.1 want: ^0.23.2
347 silly placeDep ROOT escalade@3.2.0 OK for: update-browserslist-db@1.2.3 want: ^3.2.0
348 verbose type range
349 verbose stack vite: No matching version found for vite@^5.6.0.
349 verbose stack     at module.exports (/opt/homebrew/lib/node_modules/npm/node_modules/npm-pick-manifest/lib/index.js:210:23)
349 verbose stack     at RegistryFetcher.manifest (/opt/homebrew/lib/node_modules/npm/node_modules/pacote/lib/registry.js:130:54)
349 verbose stack     at async #fetchManifest (/opt/homebrew/lib/node_modules/npm/node_modules/@npmcli/arborist/lib/arborist/build-ideal-tree.js:1299:20)
349 verbose stack     at async #nodeFromEdge (/opt/homebrew/lib/node_modules/npm/node_modules/@npmcli/arborist/lib/arborist/build-ideal-tree.js:1134:19)
349 verbose stack     at async #buildDepStep (/opt/homebrew/lib/node_modules/npm/node_modules/@npmcli/arborist/lib/arborist/build-ideal-tree.js:978:15)
349 verbose stack     at async Arborist.buildIdealTree (/opt/homebrew/lib/node_modules/npm/node_modules/@npmcli/arborist/lib/arborist/build-ideal-tree.js:178:7)
349 verbose stack     at async Promise.all (index 1)
349 verbose stack     at async Arborist.reify (/opt/homebrew/lib/node_modules/npm/node_modules/@npmcli/arborist/lib/arborist/reify.js:112:5)
349 verbose stack     at async Install.exec (/opt/homebrew/lib/node_modules/npm/lib/commands/install.js:157:5)
349 verbose stack     at async Npm.exec (/opt/homebrew/lib/node_modules/npm/lib/npm.js:193:9)
350 error code ETARGET
351 error notarget No matching version found for vite@^5.6.0.
352 error notarget In most cases you or one of your dependencies are requesting a package version that doesn't exist.
353 silly unfinished npm timer reify 1785611614398
354 silly unfinished npm timer reify:loadTrees 1785611614398
355 verbose cwd /Users/sudheerreddy/Documents/GitHub/eyebrowz
356 verbose os Darwin 25.3.0
357 verbose node v26.3.1
358 verbose npm  v11.16.0
359 notice
359 notice New [31mmajor[39m version of npm available! [31m11.16.0[39m -> [34m12.0.2[39m
359 notice Changelog: [34mhttps://github.com/npm/cli/releases/tag/v12.0.2[39m
359 notice To update run: [4mnpm install -g npm@12.0.2[24m
359 notice  { force: true, Symbol(proc-log.meta): true }
360 verbose exit 1
361 verbose code 1
362 error A complete log of this run can be found in: /Users/sudheerreddy/Documents/GitHub/eyebrowz/.npm-cache/_logs/2026-08-01T19_13_34_146Z-debug-0.log
